Microsoft (R) Macro Assembler Version 14.38.33133.0	    12/11/23 17:40:21
TypingTutor.asm						     Page 1 - 1


				; TypingTutor.asm

				INCLUDE Irvine32.inc
			      C ; Include file for Irvine32.lib             (Irvine32.inc)
			      C 
			      C ;OPTION CASEMAP:NONE		; optional: make identifiers case-sensitive
			      C 
			      C INCLUDE SmallWin.inc		; MS-Windows prototypes, structures, and constants
			      C .NOLIST
			      C .LIST
			      C 
			      C INCLUDE VirtualKeys.inc
			      C ; VirtualKeys.inc
			      C .NOLIST
			      C .LIST
			      C 
			      C 
			      C .NOLIST
			      C .LIST
			      C 
				INCLUDE Macros.inc
			      C .NOLIST
			      C .LIST
			      C 

				.386
				.model flat,stdcall
TypingTutor.asm(7) : warning A4011:multiple .MODEL directives found : .MODEL ignored
				.stack 4096
				ExitProcess proto,dwExitCode:dword

 00000000			.data
 00000000 31			MenuTable BYTE '1'
 00000001  000000BA R			DWORD PLAY_GAME
 00000005 = 00000005		EntrySize = ($ - MenuTable)
 00000005  32				BYTE '2'
 00000006  00000348 R			DWORD LEADERBOARD
 0000000A = 00000002		NumberOfEntries = ($ - MenuTable) / EntrySize

 00000000			.code
 00000000			main proc
 = 0000001E				MAIN_MENU_X_OFFSET = 30
 = 00000008				MAIN_MENU_Y_OFFSET = 8
 = 00000002				LINE_SPACING = 2

 00000000			MainMenu:
					; Clear screen to prevent weird screen color
 00000000  B8 0000000F			mov eax, white+(black*16)
 00000005  E8 00000000 E		call SetTextColor
 0000000A  E8 00000000 E		call Clrscr

					; Display title
 0000000F  B8 000000E0			mov eax, black + (yellow * 16)
 00000014  E8 00000000 E		call SetTextColor

					mGotoxy MAIN_MENU_X_OFFSET, MAIN_MENU_Y_OFFSET
 00000019  52		     1		push edx
 0000001A  B6 08	     1		mov  dh,MAIN_MENU_Y_OFFSET
 0000001C  B2 1E	     1		mov  dl,MAIN_MENU_X_OFFSET
 0000001E  E8 00000000 E     1		call Gotoxy
 00000023  5A		     1		pop  edx
					mWrite "    TYPING TUTOR    "
 0000000A		     1		.data		
 0000000A 20 20 20 20 54     1		??0000 BYTE "    TYPING TUTOR    ",0	
	   59 50 49 4E 47
	   20 54 55 54 4F
	   52 20 20 20 20
	   00
 00000024		     1		.code
 00000024  52		     1		push	edx
 00000025  BA 0000000A R     1		mov	edx,OFFSET ??0000
 0000002A  E8 00000000 E     1		call	WriteString
 0000002F  5A		     1		pop	edx

					; Display menu options
 00000030  B8 0000000E			mov eax, yellow+(black*16)
 00000035  E8 00000000 E		call SetTextColor

					mGotoxy MAIN_MENU_X_OFFSET, MAIN_MENU_Y_OFFSET + LINE_SPACING
 0000003A  52		     1		push edx
 0000003B  B6 0A	     1		mov  dh,MAIN_MENU_Y_OFFSET + LINE_SPACING
 0000003D  B2 1E	     1		mov  dl,MAIN_MENU_X_OFFSET
 0000003F  E8 00000000 E     1		call Gotoxy
 00000044  5A		     1		pop  edx
					mWrite "1. Play Game"
 0000001F		     1		.data		
 0000001F 31 2E 20 50 6C     1		??0001 BYTE "1. Play Game",0	
	   61 79 20 47 61
	   6D 65 00
 00000045		     1		.code
 00000045  52		     1		push	edx
 00000046  BA 0000001F R     1		mov	edx,OFFSET ??0001
 0000004B  E8 00000000 E     1		call	WriteString
 00000050  5A		     1		pop	edx

					mGotoxy MAIN_MENU_X_OFFSET, MAIN_MENU_Y_OFFSET + LINE_SPACING * 2
 00000051  52		     1		push edx
 00000052  B6 0C	     1		mov  dh,MAIN_MENU_Y_OFFSET + LINE_SPACING * 2
 00000054  B2 1E	     1		mov  dl,MAIN_MENU_X_OFFSET
 00000056  E8 00000000 E     1		call Gotoxy
 0000005B  5A		     1		pop  edx
					mWrite "2. View Leaderboard"
 0000002C		     1		.data		
 0000002C 32 2E 20 56 69     1		??0002 BYTE "2. View Leaderboard",0	
	   65 77 20 4C 65
	   61 64 65 72 62
	   6F 61 72 64 00
 0000005C		     1		.code
 0000005C  52		     1		push	edx
 0000005D  BA 0000002C R     1		mov	edx,OFFSET ??0002
 00000062  E8 00000000 E     1		call	WriteString
 00000067  5A		     1		pop	edx

					mGotoxy MAIN_MENU_X_OFFSET, MAIN_MENU_Y_OFFSET + LINE_SPACING * 3
 00000068  52		     1		push edx
 00000069  B6 0E	     1		mov  dh,MAIN_MENU_Y_OFFSET + LINE_SPACING * 3
 0000006B  B2 1E	     1		mov  dl,MAIN_MENU_X_OFFSET
 0000006D  E8 00000000 E     1		call Gotoxy
 00000072  5A		     1		pop  edx
					mWrite ">>> "
 00000040		     1		.data		
 00000040 3E 3E 3E 20 00     1		??0003 BYTE ">>> ",0	
 00000073		     1		.code
 00000073  52		     1		push	edx
 00000074  BA 00000040 R     1		mov	edx,OFFSET ??0003
 00000079  E8 00000000 E     1		call	WriteString
 0000007E  5A		     1		pop	edx

 0000007F  E8 00000000 E		call ReadChar
 00000084  BB 00000000 R		mov ebx, OFFSET MenuTable
 00000089  B9 00000002			mov ecx, NumberOfEntries

 0000008E			L1:
 0000008E  3A 03			cmp al, [ebx]				; Inputted char = lookup value?
 00000090  75 12			jne L2

 00000092  E8 00000000 E		call Clrscr					; Run menu procedure
 00000097  FF 53 01			call NEAR PTR [ebx + 1]
 0000009A  E8 00000000 E		call Crlf
 0000009F  E9 FFFFFF5C			jmp MainMenu

 000000A4			L2:
 000000A4  81 C3 00000005		add ebx, EntrySize			; Go to next entry
 000000AA  E2 E2			loop L1

					exit						; If no matching entries found, exit
 000000AC  6A 00	   *	    push   +000000000h
 000000AE  E8 00000000 E   *	    call   ExitProcess


					invoke ExitProcess,0
 000000B3  6A 00	   *	    push   +000000000h
 000000B5  E8 00000000 E   *	    call   ExitProcess
 000000BA			main endp


				;-------------------------------------------------------------------------------
				;                                 MAIN GAME
				;-------------------------------------------------------------------------------


				; Play area bounds
 = 00000002			PLAY_AREA_Y_OFFSET = 2
 = 0000000A			PLAY_AREA_X_OFFSET = 10
 = 00000040			LINE_LENGTH = 64
 = 00000018			STARTING_DISTANCE = 24
 = 00000050			INFO_COLUMN_X = PLAY_AREA_X_OFFSET + LINE_LENGTH + 6
 = 00000006			SCOREBOARD_Y = PLAY_AREA_Y_OFFSET + 4
 = 00000014			SCORE_LABEL_LENGTH = 20

				; File reading utilities
 = 00001388			BUFFER_SIZE = 5000
 =-00000001			FILE_UNREAD = -1

				; Game logic timing
 = 00000032			TICK = 50	; in milliseconds
 = 00000014			SECOND_IN_TICKS = 20
 = 0000003C			STARTING_PROGRESSION_SPEED = SECOND_IN_TICKS * 3


 00000045			.data
					; Graphics elements
 00000045  00000040 [			divider BYTE LINE_LENGTH DUP("-"), 0
	    2D
	   ] 00
 00000086 2D 2D 2D 20 4C		endingMsg BYTE "--- Level Complete ---", 0
	   65 76 65 6C 20
	   43 6F 6D 70 6C
	   65 74 65 20 2D
	   2D 2D 00

					; For file handling
 0000009D  00001388 [			typingPrompt BYTE BUFFER_SIZE DUP(?)
	    00
	   ]
 00001425 00000000			typingPromptSize DWORD 0
 00001429 54 65 78 74 2E		filename BYTE "Text.txt", 0
	   74 78 74 00
 00001432 00000000			fileHandle HANDLE ?

					; Typing prompt data
 00001436 00000000			typingPromptLeftBound DWORD 0
 0000143A 00000000			charIdx DWORD 0
 0000143E  00001387 [			textColors WORD LENGTHOF typingPrompt - 1 DUP(black+(white*16)), 0
	    00F0
	   ] 0000
 00003B4E 00000000			lineStatus DWORD 0, 0
	   00000000

					; Cursor position data
 00003B56 00				cursorX BYTE 0
 00003B57 00				cursorY BYTE 0
 00003B58 18				distanceFromTop BYTE STARTING_DISTANCE

					; Game timing
 00003B59 00				linePrintTicksElapsed BYTE 0
 00003B5A 00000000			linePrintCharIdx DWORD 0
 00003B5E 3C				lineProgressSpeed BYTE STARTING_PROGRESSION_SPEED
 00003B5F 00000000			timerTicks DWORD 0

					; Score counters
 00003B63 00000000			charsTyped DWORD 0
 00003B67 00000000			backspacesPressed DWORD 0
 00003B6B 00000000			secondsPlayed DWORD 0


 000000BA			.code
 000000BA			PLAY_GAME proc
 000000BA  E8 000004EE			call ResetGame

					; Read file to memory
 000000BF  BA 00001429 R		mov edx, OFFSET filename
 000000C4  E8 00000291			call openFile
 000000C9  83 F8 FF			cmp eax, FILE_UNREAD
 000000CC  0F 84 00000260		je quit
 000000D2  E8 000002EC			call closeInputFile
					
					; Game title
 000000D7  B8 000000E0			mov eax, black + (yellow * 16)
 000000DC  E8 00000000 E		call SetTextColor
					mGotoxy INFO_COLUMN_X, PLAY_AREA_Y_OFFSET + 2
 000000E1  52		     1		push edx
 000000E2  B6 04	     1		mov  dh,PLAY_AREA_Y_OFFSET + 2
 000000E4  B2 50	     1		mov  dl,INFO_COLUMN_X
 000000E6  E8 00000000 E     1		call Gotoxy
 000000EB  5A		     1		pop  edx
					mWrite "    TYPING TUTOR    "
 00003B6F		     1		.data		
 00003B6F 20 20 20 20 54     1		??0004 BYTE "    TYPING TUTOR    ",0	
	   59 50 49 4E 47
	   20 54 55 54 4F
	   52 20 20 20 20
	   00
 000000EC		     1		.code
 000000EC  52		     1		push	edx
 000000ED  BA 00003B6F R     1		mov	edx,OFFSET ??0004
 000000F2  E8 00000000 E     1		call	WriteString
 000000F7  5A		     1		pop	edx

					; Add top divider
 000000F8  B8 0000000E			mov eax, yellow + (black * 16)
 000000FD  E8 00000000 E		call SetTextColor
					mGotoxy PLAY_AREA_X_OFFSET, PLAY_AREA_Y_OFFSET - 1
 00000102  52		     1		push edx
 00000103  B6 01	     1		mov  dh,PLAY_AREA_Y_OFFSET - 1
 00000105  B2 0A	     1		mov  dl,PLAY_AREA_X_OFFSET
 00000107  E8 00000000 E     1		call Gotoxy
 0000010C  5A		     1		pop  edx
					mWriteString OFFSET divider
 0000010D  52		     1		push edx
 0000010E  BA 00000045 R     1		mov  edx,OFFSET OFFSET divider
 00000113  E8 00000000 E     1		call WriteString
 00000118  5A		     1		pop  edx

					; Add bottom divider
					mGotoxy PLAY_AREA_X_OFFSET, PLAY_AREA_Y_OFFSET + STARTING_DISTANCE
 00000119  52		     1		push edx
 0000011A  B6 1A	     1		mov  dh,PLAY_AREA_Y_OFFSET + STARTING_DISTANCE
 0000011C  B2 0A	     1		mov  dl,PLAY_AREA_X_OFFSET
 0000011E  E8 00000000 E     1		call Gotoxy
 00000123  5A		     1		pop  edx
					mWriteString OFFSET divider
 00000124  52		     1		push edx
 00000125  BA 00000045 R     1		mov  edx,OFFSET OFFSET divider
 0000012A  E8 00000000 E     1		call WriteString
 0000012F  5A		     1		pop  edx

					; Scoreboard labels
					mGotoxy INFO_COLUMN_X, SCOREBOARD_Y
 00000130  52		     1		push edx
 00000131  B6 06	     1		mov  dh,SCOREBOARD_Y
 00000133  B2 50	     1		mov  dl,INFO_COLUMN_X
 00000135  E8 00000000 E     1		call Gotoxy
 0000013A  5A		     1		pop  edx
					mWrite "Minutes Survived  : "
 00003B84		     1		.data		
 00003B84 4D 69 6E 75 74     1		??0005 BYTE "Minutes Survived  : ",0	
	   65 73 20 53 75
	   72 76 69 76 65
	   64 20 20 3A 20
	   00
 0000013B		     1		.code
 0000013B  52		     1		push	edx
 0000013C  BA 00003B84 R     1		mov	edx,OFFSET ??0005
 00000141  E8 00000000 E     1		call	WriteString
 00000146  5A		     1		pop	edx
					mGotoxy INFO_COLUMN_X, SCOREBOARD_Y + LINE_SPACING
 00000147  52		     1		push edx
 00000148  B6 08	     1		mov  dh,SCOREBOARD_Y + LINE_SPACING
 0000014A  B2 50	     1		mov  dl,INFO_COLUMN_X
 0000014C  E8 00000000 E     1		call Gotoxy
 00000151  5A		     1		pop  edx
					mWrite "Characters Typed  : "
 00003B99		     1		.data		
 00003B99 43 68 61 72 61     1		??0006 BYTE "Characters Typed  : ",0	
	   63 74 65 72 73
	   20 54 79 70 65
	   64 20 20 3A 20
	   00
 00000152		     1		.code
 00000152  52		     1		push	edx
 00000153  BA 00003B99 R     1		mov	edx,OFFSET ??0006
 00000158  E8 00000000 E     1		call	WriteString
 0000015D  5A		     1		pop	edx
					mGotoxy INFO_COLUMN_X, SCOREBOARD_Y + LINE_SPACING * 2
 0000015E  52		     1		push edx
 0000015F  B6 0A	     1		mov  dh,SCOREBOARD_Y + LINE_SPACING * 2
 00000161  B2 50	     1		mov  dl,INFO_COLUMN_X
 00000163  E8 00000000 E     1		call Gotoxy
 00000168  5A		     1		pop  edx
					mWrite "Backspaces Pressed: "
 00003BAE		     1		.data		
 00003BAE 42 61 63 6B 73     1		??0007 BYTE "Backspaces Pressed: ",0	
	   70 61 63 65 73
	   20 50 72 65 73
	   73 65 64 3A 20
	   00
 00000169		     1		.code
 00000169  52		     1		push	edx
 0000016A  BA 00003BAE R     1		mov	edx,OFFSET ??0007
 0000016F  E8 00000000 E     1		call	WriteString
 00000174  5A		     1		pop	edx

					; How to exit prompt
					mGotoxy INFO_COLUMN_X, PLAY_AREA_Y_OFFSET + STARTING_DISTANCE
 00000175  52		     1		push edx
 00000176  B6 1A	     1		mov  dh,PLAY_AREA_Y_OFFSET + STARTING_DISTANCE
 00000178  B2 50	     1		mov  dl,INFO_COLUMN_X
 0000017A  E8 00000000 E     1		call Gotoxy
 0000017F  5A		     1		pop  edx
					mWrite "Press ESC to Quit"
 00003BC3		     1		.data		
 00003BC3 50 72 65 73 73     1		??0008 BYTE "Press ESC to Quit",0	
	   20 45 53 43 20
	   74 6F 20 51 75
	   69 74 00
 00000180		     1		.code
 00000180  52		     1		push	edx
 00000181  BA 00003BC3 R     1		mov	edx,OFFSET ??0008
 00000186  E8 00000000 E     1		call	WriteString
 0000018B  5A		     1		pop	edx

					; Set to standard color
 0000018C  B8 000000F0			mov eax, black + (white * 16)
 00000191  E8 00000000 E		call SetTextColor

					; Initial cursor positioning
 00000196  B6 02			mov dh, PLAY_AREA_Y_OFFSET
 00000198  02 35 00003B58 R		add dh, distanceFromTop
 0000019E  B2 0A			mov dl, PLAY_AREA_X_OFFSET
 000001A0  E8 00000308			call UpdateCursorPos


 000001A5			MainGameLoop:
 000001A5  B8 00000032		    mov  eax, TICK    
 000001AA  E8 00000000 E	    call Delay           ; Delay to ensure proper key read

 000001AF  FF 05 00003B5F R		inc timerTicks
 000001B5  83 3D 00003B5F R		cmp timerTicks, SECOND_IN_TICKS
	   14
 000001BC  75 10			jne TimerNotSet
 000001BE  FF 05 00003B6B R		inc secondsPlayed
 000001C4  C7 05 00003B5F R		mov timerTicks, 0
	   00000000

 000001CE			TimerNotSet:
 000001CE  E8 0000036B			call UpdateScoreboard

					; If time to print another line of text prompt, do so
 000001D3  FE 05 00003B59 R		inc linePrintTicksElapsed
 000001D9  A0 00003B5E R		mov al, lineProgressSpeed
 000001DE  38 05 00003B59 R		cmp linePrintTicksElapsed, al
 000001E4  75 26			jne KeyRead						; Else, read key

					; If reached top of play area, game over
 000001E6  FE 0D 00003B58 R		dec distanceFromTop
 000001EC  80 3D 00003B58 R		cmp distanceFromTop, -1			
	   FF
 000001F3  0F 84 00000139		je quit

 000001F9  E8 000001D2			call NewPromptLine				; Print a new line of prompt
 000001FE  80 2D 00003B5E R		sub lineProgressSpeed, 1		; Increase the speed of progression
	   01
 00000205  C6 05 00003B59 R		mov linePrintTicksElapsed, 0	; Reset tick counter for display
	   00

 0000020C			KeyRead:
 0000020C  E8 00000000 E	    call ReadKey			; look for keyboard input
 00000211  74 92		    jz   MainGameLoop		; no key pressed yet

					; If at bottom of play area, don't do anything
 00000213  80 3D 00003B57 R		cmp cursorY, PLAY_AREA_Y_OFFSET + STARTING_DISTANCE
	   1A
 0000021A  74 89			je MainGameLoop

					; Check if escape pressed
 0000021C  66| 83 FA 1B			cmp dx, VK_ESCAPE
 00000220  75 01			jne CheckBackspace
 00000222  C3				ret

 00000223			CheckBackspace:
					; Check if backspace pressed
 00000223  66| 83 FA 08			cmp dx, VK_BACK
 00000227  75 22			jne checkCharEqual				; If not backspace, process inputted character

					; Backspace was pressed
 00000229  80 3D 00003B56 R		cmp cursorX, PLAY_AREA_X_OFFSET	; If on char 0, don't do anything
	   0A
 00000230  0F 84 FFFFFF6F		je MainGameLoop

 00000236  FF 05 00003B67 R		inc backspacesPressed
 0000023C  E8 000002CA			call ReplacePreviousChar
 00000241  E8 00000424			call RevertLineStatus
 00000246  E9 FFFFFF5A			jmp MainGameLoop

 0000024B			checkCharEqual:
 0000024B  FF 05 00003B63 R		inc charsTyped

					; Compare input with text
 00000251  8B 3D 0000143A R		mov edi, charIdx
 00000257  3A 87 0000009D R		cmp    al, typingPrompt[edi]
 0000025D  75 11			jne    CharNotEqual

					; If character is equal
 0000025F  B8 0000002F			mov eax, white + (green * 16)
 00000264  E8 00000224			call WriteToColorArr
 00000269  E8 000003C9			call CorrectInput
 0000026E  EB 0F			jmp LineEndCheck

 00000270			CharNotEqual:
 00000270  B8 0000004F			mov eax, white + (red * 16)
 00000275  E8 00000213			call WriteToColorArr
 0000027A  E8 000003D5			call WrongInput

 0000027F			LineEndCheck:
 0000027F  FF 05 0000143A R		inc    charIdx
 00000285  80 3D 00003B56 R		cmp cursorX, LINE_LENGTH + PLAY_AREA_X_OFFSET
	   4A
 0000028C  75 4B			jne finishCheck

 0000028E  E8 0000040D			call CheckLineStatus
 00000293  72 15			jc ClearLine
 00000295  E8 00000271			call ReplacePreviousChar
 0000029A  E8 000003CB			call RevertLineStatus
 0000029F  FF 0D 00003B63 R		dec charsTyped
 000002A5  E9 FFFFFEFB			jmp MainGameLoop

 000002AA			ClearLine:
					; Clear completed lines
 000002AA  8B 1D 00001436 R		mov ebx, typingPromptLeftBound
 000002B0  E8 000003CB			call ClearLineStatus
 000002B5  8A 35 00003B57 R		mov dh, cursorY
 000002BB  B2 0A			mov dl, PLAY_AREA_X_OFFSET
 000002BD  E8 000001EB			call UpdateCursorPos					; Move cursor position for display clearing
 000002C2  E8 0000021C			call ClearDisplayLine
 000002C7  E8 00000201			call NewLine
 000002CC  83 05 00001436 R		add typingPromptLeftBound, LINE_LENGTH	; Move left bound for typing prompt forward
	   40
 000002D3  FE 05 00003B58 R		inc distanceFromTop						; Inc distance from top to account for cleared line

 000002D9			finishCheck:
					; If not finished yet
 000002D9  80 BF 0000009E R		cmp    typingPrompt[edi + 1], 0
	   00
 000002E0  0F 85 FFFFFEBF		jne    MainGameLoop

 000002E6  8B 1D 00001436 R		mov ebx, typingPromptLeftBound
 000002EC  E8 000003AF			call CheckLineStatus
 000002F1  72 15			jc LevelComplete
 000002F3  E8 00000213			call ReplacePreviousChar
 000002F8  E8 0000036D			call RevertLineStatus
 000002FD  FF 0D 00003B63 R		dec charsTyped
 00000303  E9 FFFFFE9D			jmp MainGameLoop


 00000308			LevelComplete:
					; Level complete message
 00000308  E8 00000000 E		call Crlf
 0000030D  B8 0000002F			mov eax, white + (green * 16)
 00000312  E8 00000000 E		call SetTextColor
 00000317  E8 00000000 E		call Crlf
					mWriteString OFFSET endingMsg
 0000031C  52		     1		push edx
 0000031D  BA 00000086 R     1		mov  edx,OFFSET OFFSET endingMsg
 00000322  E8 00000000 E     1		call WriteString
 00000327  5A		     1		pop  edx
 00000328  E8 000001A0			call NewLine
 0000032D  E8 00000000 E		call WaitMsg

 00000332			quit:
 00000332  B8 0000000F			mov eax, white + (black * 16)
 00000337  E8 00000000 E		call SetTextColor
					mGotoxy 0, PLAY_AREA_Y_OFFSET + STARTING_DISTANCE + 4
 0000033C  52		     1		push edx
 0000033D  B6 1E	     1		mov  dh,PLAY_AREA_Y_OFFSET + STARTING_DISTANCE + 4
 0000033F  B2 00	     1		mov  dl,0
 00000341  E8 00000000 E     1		call Gotoxy
 00000346  5A		     1		pop  edx
 00000347  C3				ret
 00000348			PLAY_GAME endp


				;-------------------------------------------------------------------------------
				;                                LEADERBOARD
				;-------------------------------------------------------------------------------


 00000348			.code
 00000348			LEADERBOARD proc
					mWrite "Not implemented"
 00003BD5		     1		.data		
 00003BD5 4E 6F 74 20 69     1		??0009 BYTE "Not implemented",0	
	   6D 70 6C 65 6D
	   65 6E 74 65 64
	   00
 00000348		     1		.code
 00000348  52		     1		push	edx
 00000349  BA 00003BD5 R     1		mov	edx,OFFSET ??0009
 0000034E  E8 00000000 E     1		call	WriteString
 00000353  5A		     1		pop	edx
 00000354  E8 00000000 E		call ReadChar
 00000359  C3				ret
 0000035A			LEADERBOARD endp



				;-------------------------------------------------------------------------------
				;                                PROCEDURES
				;-------------------------------------------------------------------------------


				;-------------------------------------------------------------------------------
				; openFile
				;
				; Opens the file whose name is stored in filename. Verifies file is opened and
				; that contents are within designated buffer size.
				; Receives: EDX = Offset of the filename to be opened.
				; Returns:  EAX = Bytes read (set to FILE_UNREAD if error occurs).
				;-------------------------------------------------------------------------------
 0000035A			openFile proc
 0000035A  E8 00000000 E		call OpenInputFile
 0000035F  A3 00001432 R		mov fileHandle, eax

 00000364  83 F8 FF			cmp eax, INVALID_HANDLE_VALUE
 00000367  75 13			jne file_ok
					mWrite <"Cannot open file", 0dh, 0ah>
 00003BE5		     1		.data		
 00003BE5 43 61 6E 6E 6F     1		??000A BYTE "Cannot open file", 0dh, 0ah,0	
	   74 20 6F 70 65
	   6E 20 66 69 6C
	   65 0D 0A 00
 00000369		     1		.code
 00000369  52		     1		push	edx
 0000036A  BA 00003BE5 R     1		mov	edx,OFFSET ??000A
 0000036F  E8 00000000 E     1		call	WriteString
 00000374  5A		     1		pop	edx
 00000375  B8 FFFFFFFF			mov eax, FILE_UNREAD
 0000037A  EB 46			jmp quit

 0000037C			file_ok:
 0000037C  BA 0000009D R		mov edx, OFFSET typingPrompt
 00000381  B9 00001388			mov ecx, BUFFER_SIZE
 00000386  E8 00000000 E		call ReadFromFile
 0000038B  A3 00001425 R		mov typingPromptSize, eax
 00000390  73 18			jnc check_buffer_size
					mWrite "Error reading file. "
 00003BF8		     1		.data		
 00003BF8 45 72 72 6F 72     1		??000B BYTE "Error reading file. ",0	
	   20 72 65 61 64
	   69 6E 67 20 66
	   69 6C 65 2E 20
	   00
 00000392		     1		.code
 00000392  52		     1		push	edx
 00000393  BA 00003BF8 R     1		mov	edx,OFFSET ??000B
 00000398  E8 00000000 E     1		call	WriteString
 0000039D  5A		     1		pop	edx
 0000039E  E8 00000000 E		call WriteWindowsMsg
 000003A3  B8 FFFFFFFF			mov eax, FILE_UNREAD
 000003A8  EB 18			jmp quit
					
 000003AA			check_buffer_size:
 000003AA  3D 00001388			cmp eax, BUFFER_SIZE
 000003AF  72 11			jb quit
					mWrite <"Error: Buffer too small for the file", 0dh, 0ah>
 00003C0D		     1		.data		
 00003C0D 45 72 72 6F 72     1		??000C BYTE "Error: Buffer too small for the file", 0dh, 0ah,0	
	   3A 20 42 75 66
	   66 65 72 20 74
	   6F 6F 20 73 6D
	   61 6C 6C 20 66
	   6F 72 20 74 68
	   65 20 66 69 6C
	   65 0D 0A 00
 000003B1		     1		.code
 000003B1  52		     1		push	edx
 000003B2  BA 00003C0D R     1		mov	edx,OFFSET ??000C
 000003B7  E8 00000000 E     1		call	WriteString
 000003BC  5A		     1		pop	edx
 000003BD  B8 FFFFFFFF			mov eax, FILE_UNREAD

 000003C2			quit:
 000003C2  C3				ret
 000003C3			openFile endp


				;-------------------------------------------------------------------------------
				; CloseInputFile
				;
				; Closes the file currently in fileHandle.
				;-------------------------------------------------------------------------------
 000003C3			CloseInputFile proc USES eax
 000003C3  50		   *	    push   eax
 000003C4  A1 00001432 R		mov eax, fileHandle
 000003C9  E8 00000000 E		call CloseFile
					ret
 000003CE  58		   *	    pop    eax
 000003CF  C3		   *	    ret    00000h
 000003D0			CloseInputFile endp


				;-------------------------------------------------------------------------------
				; NewPromptLine
				;
				; Writes a new line in the typing prompt.
				;-------------------------------------------------------------------------------
 000003D0			NewPromptLine proc USES eax ebx ecx edx
					; Push cursor position to stack
 000003D0  50		   *	    push   eax
 000003D1  53		   *	    push   ebx
 000003D2  51		   *	    push   ecx
 000003D3  52		   *	    push   edx
 000003D4  66| 0F B6 05			movzx ax, cursorX
	   00003B56 R
 000003DC  66| 50			push ax
 000003DE  66| 0F B6 05			movzx ax, cursorY
	   00003B57 R
 000003E6  66| 50			push ax

					; Set cursor position to rewrite block of text
 000003E8  8A 35 00003B58 R		mov dh, distanceFromTop
 000003EE  80 C6 02			add dh, PLAY_AREA_Y_OFFSET
 000003F1  B2 0A			mov dl, PLAY_AREA_X_OFFSET
 000003F3  E8 000000B5			call UpdateCursorPos

					; Write text block
 000003F8  83 05 00003B5A R		add linePrintCharIdx, LINE_LENGTH
	   40
 000003FF  BA 0000009D R		mov edx, OFFSET typingPrompt
 00000404  8B 0D 00003B5A R		mov ecx, linePrintCharIdx
 0000040A  8B 1D 00001436 R		mov ebx, typingPromptLeftBound
 00000410  E8 00000027			call ReprintPrompt
					
 00000415  E8 000000B3			call NewLine	; Move cursor to line below written prompt

					; If cursor is not at bottom of play area, clear the display line below prompt
 0000041A  80 3D 00003B57 R		cmp cursorY, PLAY_AREA_Y_OFFSET + STARTING_DISTANCE
	   1A
 00000421  74 05			je ReturnToOriginalPos
 00000423  E8 000000BB			call ClearDisplayLine
					
 00000428			ReturnToOriginalPos:
					; Pop original cursor position to return to former position
 00000428  66| 58			pop ax
 0000042A  FE C8			dec al			; Cursor y has to decrement to account for prompt having moved
 0000042C  8A F0			mov dh, al
 0000042E  66| 58			pop ax
 00000430  8A D0			mov dl, al
 00000432  E8 00000076			call UpdateCursorPos
					ret
 00000437  5A		   *	    pop    edx
 00000438  59		   *	    pop    ecx
 00000439  5B		   *	    pop    ebx
 0000043A  58		   *	    pop    eax
 0000043B  C3		   *	    ret    00000h
 0000043C			NewPromptLine endp


				;-------------------------------------------------------------------------------
				; ReprintPrompt
				;
				; Reprints typing prompt using colors from text colors from colors array
				; Receives: EDX = OFFSET of typing prompt
				;			EBX = The index of typing prompt to start printing from
				;			ECX = The index of typing prompt to stop printing at
				;-------------------------------------------------------------------------------
 0000043C			ReprintPrompt proc USES edi
 0000043C  57		   *	    push   edi
 0000043D  BF 00000000		 	mov edi, 0				; Counter for if line length was reached
 00000442  8A 04 1A			mov al, [edx + ebx]

 00000445			printLoop:
					; If reached line length, start new line
 00000445  83 FF 40			cmp edi, LINE_LENGTH
 00000448  75 0A			jne writeChars
 0000044A  E8 0000007E			call NewLine
 0000044F  BF 00000000			mov edi, 0

 00000454			writeChars:
 00000454  E8 00000016			call WriteFromColorArr

					; Break if end of string
 00000459  43				inc ebx
 0000045A  47				inc edi
 0000045B  8A 04 1A			mov al, [edx + ebx]
 0000045E  3C 00			cmp al, 0
 00000460  75 07			jne continuePrintLoop

 00000462  E8 0000007C			call ClearDisplayLine	; Clear the rest of the display line
 00000467  EB 04			jmp quit

 00000469			continuePrintLoop:
 00000469  3B D9			cmp ebx, ecx
 0000046B  75 D8			jne printLoop
					
 0000046D			quit:
					ret
 0000046D  5F		   *	    pop    edi
 0000046E  C3		   *	    ret    00000h
 0000046F			ReprintPrompt endp


				;-------------------------------------------------------------------------------
				; WriteFromColorArr
				;
				; Writes a colored character to display using colors from text colors array.
				; Receives: EBX = Index of character in array to write
				;-------------------------------------------------------------------------------
 0000046F			WriteFromColorArr proc USES ecx
 0000046F  51		   *	    push   ecx
 00000470  FE 05 00003B56 R		inc cursorX
 00000476  B9 0000143E R		mov ecx, OFFSET textColors	; Get a reference to text colors array

 0000047B  8B 04 59			mov eax, [ecx + (ebx * TYPE textColors)]	; Select color from array
 0000047E  E8 00000000 E		call SetTextColor

 00000483  8A 04 1A			mov al, [edx + ebx]			; Write character in selected color
 00000486  E8 00000000 E		call WriteChar
					
					ret
 0000048B  59		   *	    pop    ecx
 0000048C  C3		   *	    ret    00000h
 0000048D			WriteFromColorArr endp


				;-------------------------------------------------------------------------------
				; WriteToColorArr
				;
				; Writes a charater in a given color and saves that color to textColors array.
				; Receives: EAX = the color to write in and save to textColors array
				;			EDI = the index of color array to write to.
				;-------------------------------------------------------------------------------
 0000048D			WriteToColorArr proc
 0000048D  E8 00000000 E		call SetTextColor
 00000492  66| 89 04 7D			mov textColors[edi * TYPE textColors], ax	; Save color
	   0000143E R
 0000049A  0F B6 87			movzx eax, typingPrompt[edi]
	   0000009D R
 000004A1  E8 00000000 E		call WriteChar
 000004A6  FE 05 00003B56 R		inc cursorX
 000004AC  C3				ret
 000004AD			WriteToColorArr endp


				;-------------------------------------------------------------------------------
				; UpdateCursorPos
				;
				; Moves cursor to an (x,y) coordinate on screen and updates cursor location
				; varaibles accordingly.
				; Receives: DL = the x position to set cursor to
				;			DH = the y position to set cursor to
				;-------------------------------------------------------------------------------
 000004AD			UpdateCursorPos proc
 000004AD  88 15 00003B56 R		mov cursorX, dl
 000004B3  88 35 00003B57 R		mov cursorY, dh
					mGotoxy cursorX, cursorY
 000004B9  52		     1		push edx
 000004BA  8A 35 00003B57 R  1		mov  dh,cursorY
 000004C0  8A 15 00003B56 R  1		mov  dl,cursorX
 000004C6  E8 00000000 E     1		call Gotoxy
 000004CB  5A		     1		pop  edx
 000004CC  C3				ret
 000004CD			UpdateCursorPos endp


				;-------------------------------------------------------------------------------
				; NewLine
				;
				; Moves cursor to the next line in play area.
				;-------------------------------------------------------------------------------
 000004CD			NewLine proc USES edx
 000004CD  52		   *	    push   edx
 000004CE  FE 05 00003B57 R		inc cursorY
 000004D4  8A 35 00003B57 R		mov dh, cursorY
 000004DA  B2 0A			mov dl, PLAY_AREA_X_OFFSET
 000004DC  E8 FFFFFFCC			call UpdateCursorPos
					ret
 000004E1  5A		   *	    pop    edx
 000004E2  C3		   *	    ret    00000h
 000004E3			NewLine endp


				;-------------------------------------------------------------------------------
				; ClearDisplayLine
				;
				; Clears a line of the play area starting from cursor's x coordinate.
				;-------------------------------------------------------------------------------
 000004E3			ClearDisplayLine proc USES eax
 000004E3  50		   *	    push   eax
 000004E4  B8 0000000F			mov eax, white+(black*16)
 000004E9  E8 00000000 E		call SetTextColor

 000004EE			spaceWrite:
					mWriteSpace
 00003C34		     1	.data
 00003C34  00000001 [	     1	??000D BYTE 1 DUP(' '),0
	    20
	   ] 00
 000004EE		     1	.code
 000004EE  52		     1		push	edx
 000004EF  BA 00003C34 R     1		mov	edx,OFFSET ??000D
 000004F4  E8 00000000 E     1		call	WriteString
 000004F9  5A		     1		pop	edx
 000004FA  FE 05 00003B56 R		inc cursorX
 00000500  80 3D 00003B56 R		cmp cursorX, PLAY_AREA_X_OFFSET + LINE_LENGTH
	   4A
 00000507  75 E5			jne spaceWrite
					
					ret
 00000509  58		   *	    pop    eax
 0000050A  C3		   *	    ret    00000h
 0000050B			ClearDisplayLine endp


				;-------------------------------------------------------------------------------
				; ReplacePreviousChar
				;
				; Reverts color of previous character in play area and updates text color array
				; accordingly.
				;-------------------------------------------------------------------------------
 0000050B			ReplacePreviousChar proc
 0000050B  FE 0D 00003B56 R		dec cursorX
 00000511  8A 35 00003B57 R		mov dh, cursorY
 00000517  8A 15 00003B56 R		mov dl, cursorX
 0000051D  E8 FFFFFF8B			call UpdateCursorPos           ; Move cursor to previous char

 00000522  B8 000000F0			mov eax, black + (white * 16)  ; Reverting color of char (this moves cursor forward)
 00000527  FF 0D 0000143A R		dec charIdx         
 0000052D  8B 3D 0000143A R		mov edi, charIdx
 00000533  E8 FFFFFF55			call WriteToColorArr

 00000538  E8 FFFFFF70			call UpdateCursorPos           ; Move cursor back to previous char's space

 0000053D  C3				ret
 0000053E			ReplacePreviousChar endp


				;-------------------------------------------------------------------------------
				; UpdateScoreboard
				;
				; Writes score information to info column.
				;-------------------------------------------------------------------------------
 0000053E			UpdateScoreboard proc USES eax edx
					; Push cursor position to stack
 0000053E  50		   *	    push   eax
 0000053F  52		   *	    push   edx
 00000540  66| 0F B6 05			movzx ax, cursorX
	   00003B56 R
 00000548  66| 50			push ax
 0000054A  66| 0F B6 05			movzx ax, cursorY
	   00003B57 R
 00000552  66| 50			push ax

 00000554  B8 0000000E			mov eax, yellow+(black*16)
 00000559  E8 00000000 E		call SetTextColor

					mGotoxy INFO_COLUMN_X + SCORE_LABEL_LENGTH, SCOREBOARD_Y
 0000055E  52		     1		push edx
 0000055F  B6 06	     1		mov  dh,SCOREBOARD_Y
 00000561  B2 64	     1		mov  dl,INFO_COLUMN_X + SCORE_LABEL_LENGTH
 00000563  E8 00000000 E     1		call Gotoxy
 00000568  5A		     1		pop  edx
 00000569  A1 00003B6B R		mov eax, secondsPlayed
 0000056E  E8 00000191			call TimeFormat

					mGotoxy INFO_COLUMN_X + SCORE_LABEL_LENGTH, SCOREBOARD_Y + LINE_SPACING
 00000573  52		     1		push edx
 00000574  B6 08	     1		mov  dh,SCOREBOARD_Y + LINE_SPACING
 00000576  B2 64	     1		mov  dl,INFO_COLUMN_X + SCORE_LABEL_LENGTH
 00000578  E8 00000000 E     1		call Gotoxy
 0000057D  5A		     1		pop  edx
 0000057E  A1 00003B63 R		mov eax, charsTyped
 00000583  E8 00000000 E		call WriteDec

					mGotoxy INFO_COLUMN_X + SCORE_LABEL_LENGTH, SCOREBOARD_Y + LINE_SPACING * 2
 00000588  52		     1		push edx
 00000589  B6 0A	     1		mov  dh,SCOREBOARD_Y + LINE_SPACING * 2
 0000058B  B2 64	     1		mov  dl,INFO_COLUMN_X + SCORE_LABEL_LENGTH
 0000058D  E8 00000000 E     1		call Gotoxy
 00000592  5A		     1		pop  edx
 00000593  A1 00003B67 R		mov eax, backspacesPressed
 00000598  E8 00000000 E		call WriteDec

					; Pop original cursor position to return to former position
 0000059D  66| 58			pop ax
 0000059F  8A F0			mov dh, al
 000005A1  66| 58			pop ax
 000005A3  8A D0			mov dl, al
 000005A5  E8 FFFFFF03			call UpdateCursorPos

					ret
 000005AA  5A		   *	    pop    edx
 000005AB  58		   *	    pop    eax
 000005AC  C3		   *	    ret    00000h
 000005AD			UpdateScoreboard endp


				;-------------------------------------------------------------------------------
				; ResetGame
				;
				; Resets game data for repeat sessions.
				;-------------------------------------------------------------------------------
 000005AD			ResetGame proc
					; Reset scores
 000005AD  C7 05 00003B63 R		mov charsTyped, 0
	   00000000
 000005B7  C7 05 00003B67 R		mov backspacesPressed, 0
	   00000000

					; Reset starting distance
 000005C1  C6 05 00003B58 R		mov distanceFromTop, STARTING_DISTANCE
	   18

					; Reset typing prompt data
 000005C8  C7 05 00001436 R		mov typingPromptLeftBound, 0
	   00000000
 000005D2  C7 05 0000143A R		mov charIdx, 0
	   00000000

					; Reset timing
 000005DC  C6 05 00003B59 R		mov linePrintTicksElapsed, 0
	   00
 000005E3  C7 05 00003B5A R		mov linePrintCharIdx, 0
	   00000000
 000005ED  C6 05 00003B5E R		mov lineProgressSpeed, STARTING_PROGRESSION_SPEED
	   3C
 000005F4  C7 05 00003B6B R		mov secondsPlayed, 0
	   00000000

 000005FE  B9 00001387			mov ecx, LENGTHOF textColors - 1
 00000603			ResetColors:
 00000603  66| C7 04 4D			mov textColors[ecx * TYPE textColors], black+(white*16)
	   0000143E R
	   00F0
 0000060D  E2 F4			loop ResetColors
 0000060F  66| C7 04 4D			mov textColors[ecx * TYPE textColors], black+(white*16)
	   0000143E R
	   00F0

 00000619  B9 00000001			mov ecx, LENGTHOF lineStatus - 1
 0000061E			ResetLineStatus:
 0000061E  C7 04 8D			mov lineStatus[ecx * TYPE lineStatus], 0
	   00003B4E R
	   00000000
 00000629  E2 D8			loop ResetColors
 0000062B  C7 04 8D			mov lineStatus[ecx * TYPE lineStatus], 0
	   00003B4E R
	   00000000

 00000636  C3				ret
 00000637			ResetGame endp


				;-------------------------------------------------------------------------------
				; CorrectInput
				;
				; Updates line status bit string to reflect correct input.
				;-------------------------------------------------------------------------------
 00000637			CorrectInput proc USES eax
 00000637  50		   *	    push   eax
 00000638  A1 00003B4E R		mov eax, lineStatus[0]
 0000063D  0F AC 05			shrd lineStatus[TYPE lineStatus], eax, 1
	   00003B52 R 01
 00000645  B8 00000001			mov eax, 1
 0000064A  0F AC 05			shrd lineStatus[0], eax, 1
	   00003B4E R 01
					ret
 00000652  58		   *	    pop    eax
 00000653  C3		   *	    ret    00000h
 00000654			CorrectInput endp


				;-------------------------------------------------------------------------------
				; WrongInput
				;
				; Updates line status bit string to reflect incorrect input.
				;-------------------------------------------------------------------------------
 00000654			WrongInput proc USES eax
 00000654  50		   *	    push   eax
 00000655  A1 00003B4E R		mov eax, lineStatus[0]
 0000065A  0F AC 05			shrd lineStatus[TYPE lineStatus], eax, 1
	   00003B52 R 01
 00000662  D1 2D 00003B4E R		shr lineStatus[0], 1
					ret
 00000668  58		   *	    pop    eax
 00000669  C3		   *	    ret    00000h
 0000066A			WrongInput endp


				;-------------------------------------------------------------------------------
				; RevertLineStatus
				;
				; Reverts last change to line status bit string.
				;-------------------------------------------------------------------------------
 0000066A			RevertLineStatus proc USES eax
 0000066A  50		   *	    push   eax
 0000066B  A1 00003B52 R		mov eax, lineStatus[TYPE lineStatus]
 00000670  0F A4 05			shld lineStatus[0], eax, 1
	   00003B4E R 01
 00000678  D1 25 00003B52 R		shl lineStatus[TYPE lineStatus], 1
					ret
 0000067E  58		   *	    pop    eax
 0000067F  C3		   *	    ret    00000h
 00000680			RevertLineStatus endp


				;-------------------------------------------------------------------------------
				; ClearLineStatus
				;
				; Sets line status bit string to zeros.
				;-------------------------------------------------------------------------------
 00000680			ClearLineStatus proc USES eax
 00000680  50		   *	    push   eax
 00000681  B9 00000001			mov ecx, LENGTHOF lineStatus - 1
 00000686			StatusClearing:
 00000686  C7 04 8D			mov lineStatus[ecx * TYPE lineStatus], 0
	   00003B4E R
	   00000000
 00000691  E2 F3			loop StatusClearing
 00000693  C7 04 8D			mov lineStatus[ecx * TYPE lineStatus], 0
	   00003B4E R
	   00000000

					ret
 0000069E  58		   *	    pop    eax
 0000069F  C3		   *	    ret    00000h
 000006A0			ClearLineStatus endp


				;-------------------------------------------------------------------------------
				; CheckLineStatus
				;
				; Reverts last change to line status bit string.
				; Recieves: EBX = left bound of typing prompt
				; Returns : CY = 0 if line not completely correct
				;			CY = 1 if line is completely correct
				;-------------------------------------------------------------------------------
 000006A0			CheckLineStatus proc USES eax ebx ecx edx
 000006A0  50		   *	    push   eax
 000006A1  53		   *	    push   ebx
 000006A2  51		   *	    push   ecx
 000006A3  52		   *	    push   edx
 000006A4  8B 0D 00001425 R		mov ecx, typingPromptSize
 000006AA  2B CB			sub ecx, ebx
 000006AC  BA 00000000			mov edx, 0		; Counter for how many times rotated

 000006B1  83 F9 40			cmp ecx, LINE_LENGTH
 000006B4  76 05			jbe L_LineCheck
 000006B6  B9 00000040			mov ecx, LINE_LENGTH

 000006BB			L_LineCheck:
 000006BB  A1 00003B4E R		mov eax, lineStatus[0]
 000006C0  0F A4 05			shld lineStatus[TYPE lineStatus], eax, 1
	   00003B52 R 01
 000006C8  D1 15 00003B4E R		rcl lineStatus[0], 1
 000006CE  42				inc edx
 000006CF  73 09			jnc IncorrectChar
 000006D1  E2 E8			loop L_LineCheck

 000006D3  BF 00000001			mov edi, 1
 000006D8  EB 05			jmp ReturnBits

 000006DA			IncorrectChar:
 000006DA  BF 00000000			mov edi, 0

 000006DF			ReturnBits:
 000006DF  8B CA			mov ecx, edx
 000006E1			L_ReturnBits:
 000006E1  A1 00003B52 R		mov eax, lineStatus[TYPE lineStatus]
 000006E6  0F AC 05			shrd lineStatus[0], eax, 1
	   00003B4E R 01
 000006EE  D1 1D 00003B52 R		rcr lineStatus[TYPE lineStatus], 1
 000006F4  E2 EB			loop L_ReturnBits

 000006F6  83 FF 01			cmp edi, 1
 000006F9  75 03			jne LineIsIncorrect
 000006FB  F9				stc
 000006FC  EB 01			jmp LineIsCorrect

 000006FE			LineIsIncorrect:
 000006FE  F8				clc
 000006FF			LineIsCorrect:
					ret
 000006FF  5A		   *	    pop    edx
 00000700  59		   *	    pop    ecx
 00000701  5B		   *	    pop    ebx
 00000702  58		   *	    pop    eax
 00000703  C3		   *	    ret    00000h
 00000704			CheckLineStatus endp


				;-------------------------------------------------------------------------------
				; TimeFormat
				;
				; Recieves: EAX = the amount of seconds
				;-------------------------------------------------------------------------------
 00000704			TimeFormat proc USES ebx
 00000704  53		   *	    push   ebx
 00000705  BA 00000000			mov edx, 0	; Clear upper register
 0000070A  BB 0000003C			mov ebx, 60	; Divisor = 60 seconds
 0000070F  F7 F3			div ebx		; EDX = seconds, EAX = minutes

					; Write minutes
 00000711  83 F8 0A			cmp eax, 10
 00000714  73 0C			jae TwoDigitMin
					mWrite " "
 00003C36		     1		.data		
 00003C36 20 00		     1		??000E BYTE " ",0	
 00000716		     1		.code
 00000716  52		     1		push	edx
 00000717  BA 00003C36 R     1		mov	edx,OFFSET ??000E
 0000071C  E8 00000000 E     1		call	WriteString
 00000721  5A		     1		pop	edx
 00000722			TwoDigitMin:
 00000722  E8 00000000 E		call WriteDec

					mWrite ":"
 00003C38		     1		.data		
 00003C38 3A 00		     1		??000F BYTE ":",0	
 00000727		     1		.code
 00000727  52		     1		push	edx
 00000728  BA 00003C38 R     1		mov	edx,OFFSET ??000F
 0000072D  E8 00000000 E     1		call	WriteString
 00000732  5A		     1		pop	edx

					; Write seconds
 00000733  8B C2			mov eax, edx
 00000735  83 F8 0A			cmp eax, 10
 00000738  73 0C			jae TwoDigitSec
					mWrite "0"
 00003C3A		     1		.data		
 00003C3A 30 00		     1		??0010 BYTE "0",0	
 0000073A		     1		.code
 0000073A  52		     1		push	edx
 0000073B  BA 00003C3A R     1		mov	edx,OFFSET ??0010
 00000740  E8 00000000 E     1		call	WriteString
 00000745  5A		     1		pop	edx
 00000746			TwoDigitSec:
 00000746  E8 00000000 E		call WriteDec

					ret
 0000074B  5B		   *	    pop    ebx
 0000074C  C3		   *	    ret    00000h
 0000074D			TimeFormat endp


				end main
Microsoft (R) Macro Assembler Version 14.38.33133.0	    12/11/23 17:40:21
TypingTutor.asm						     Symbols 2 - 1




Macros:

                N a m e                 Type

IsDefined  . . . . . . . . . . .	Func
Startup  . . . . . . . . . . . .	Proc
mDumpMem . . . . . . . . . . . .	Proc
mDump  . . . . . . . . . . . . .	Proc
mGotoxy  . . . . . . . . . . . .	Proc
mReadString  . . . . . . . . . .	Proc
mShowRegister  . . . . . . . . .	Proc
mShow  . . . . . . . . . . . . .	Proc
mWriteLn . . . . . . . . . . . .	Proc
mWriteSpace  . . . . . . . . . .	Proc
mWriteString . . . . . . . . . .	Proc
mWrite . . . . . . . . . . . . .	Proc


Structures and Unions:

                N a m e                  Size
                                         Offset      Type

CONSOLE_CURSOR_INFO  . . . . . .	 00000008
  dwSize . . . . . . . . . . . .	 00000000	 DWord
  bVisible . . . . . . . . . . .	 00000004	 DWord
CONSOLE_SCREEN_BUFFER_INFO . . .	 00000016
  dwSize . . . . . . . . . . . .	 00000000	 DWord
  dwCursorPosition . . . . . . .	 00000004	 DWord
  wAttributes  . . . . . . . . .	 00000008	 Word
  srWindow . . . . . . . . . . .	 0000000A	 QWord
  dwMaximumWindowSize  . . . . .	 00000012	 DWord
COORD  . . . . . . . . . . . . .	 00000004
  X  . . . . . . . . . . . . . .	 00000000	 Word
  Y  . . . . . . . . . . . . . .	 00000002	 Word
FILETIME . . . . . . . . . . . .	 00000008
  loDateTime . . . . . . . . . .	 00000000	 DWord
  hiDateTime . . . . . . . . . .	 00000004	 DWord
FOCUS_EVENT_RECORD . . . . . . .	 00000004
  bSetFocus  . . . . . . . . . .	 00000000	 DWord
FPU_ENVIRON  . . . . . . . . . .	 0000001C
  controlWord  . . . . . . . . .	 00000000	 Word
  statusWord . . . . . . . . . .	 00000004	 Word
  tagWord  . . . . . . . . . . .	 00000008	 Word
  instrPointerOffset . . . . . .	 0000000C	 DWord
  instrPointerSelector . . . . .	 00000010	 DWord
  operandPointerOffset . . . . .	 00000014	 DWord
  operandPointerSelector . . . .	 00000018	 Word
INPUT_RECORD . . . . . . . . . .	 00000014
  EventType  . . . . . . . . . .	 00000000	 Word
  Event  . . . . . . . . . . . .	 00000004	 XmmWord
  bKeyDown . . . . . . . . . . .	 00000000	 DWord
  wRepeatCount . . . . . . . . .	 00000004	 Word
  wVirtualKeyCode  . . . . . . .	 00000006	 Word
  wVirtualScanCode . . . . . . .	 00000008	 Word
  uChar  . . . . . . . . . . . .	 0000000A	 Word
  UnicodeChar  . . . . . . . . .	 00000000	 Word
  AsciiChar  . . . . . . . . . .	 00000000	 Byte
  dwControlKeyState  . . . . . .	 0000000C	 DWord
  dwMousePosition  . . . . . . .	 00000000	 DWord
  dwButtonState  . . . . . . . .	 00000004	 DWord
  dwMouseControlKeyState . . . .	 00000008	 DWord
  dwEventFlags . . . . . . . . .	 0000000C	 DWord
  dwSize . . . . . . . . . . . .	 00000000	 DWord
  dwCommandId  . . . . . . . . .	 00000000	 DWord
  bSetFocus  . . . . . . . . . .	 00000000	 DWord
KEY_EVENT_RECORD . . . . . . . .	 00000010
  bKeyDown . . . . . . . . . . .	 00000000	 DWord
  wRepeatCount . . . . . . . . .	 00000004	 Word
  wVirtualKeyCode  . . . . . . .	 00000006	 Word
  wVirtualScanCode . . . . . . .	 00000008	 Word
  uChar  . . . . . . . . . . . .	 0000000A	 Word
  UnicodeChar  . . . . . . . . .	 00000000	 Word
  AsciiChar  . . . . . . . . . .	 00000000	 Byte
  dwControlKeyState  . . . . . .	 0000000C	 DWord
MENU_EVENT_RECORD  . . . . . . .	 00000004
  dwCommandId  . . . . . . . . .	 00000000	 DWord
MOUSE_EVENT_RECORD . . . . . . .	 00000010
  dwMousePosition  . . . . . . .	 00000000	 DWord
  dwButtonState  . . . . . . . .	 00000004	 DWord
  dwMouseControlKeyState . . . .	 00000008	 DWord
  dwEventFlags . . . . . . . . .	 0000000C	 DWord
SMALL_RECT . . . . . . . . . . .	 00000008
  Left . . . . . . . . . . . . .	 00000000	 Word
  Top  . . . . . . . . . . . . .	 00000002	 Word
  Right  . . . . . . . . . . . .	 00000004	 Word
  Bottom . . . . . . . . . . . .	 00000006	 Word
SYSTEMTIME . . . . . . . . . . .	 00000010
  wYear  . . . . . . . . . . . .	 00000000	 Word
  wMonth . . . . . . . . . . . .	 00000002	 Word
  wDayOfWeek . . . . . . . . . .	 00000004	 Word
  wDay . . . . . . . . . . . . .	 00000006	 Word
  wHour  . . . . . . . . . . . .	 00000008	 Word
  wMinute  . . . . . . . . . . .	 0000000A	 Word
  wSecond  . . . . . . . . . . .	 0000000C	 Word
  wMilliseconds  . . . . . . . .	 0000000E	 Word
WINDOW_BUFFER_SIZE_RECORD  . . .	 00000004
  dwSize . . . . . . . . . . . .	 00000000	 DWord


Segments and Groups:

                N a m e                 Size     Length   Align   Combine Class

FLAT . . . . . . . . . . . . . .	GROUP
STACK  . . . . . . . . . . . . .	32 Bit	 00001000 Para	  Stack	  'STACK'	 
_DATA  . . . . . . . . . . . . .	32 Bit	 00003C3C Para	  Public  'DATA'	
_TEXT  . . . . . . . . . . . . .	32 Bit	 0000074D Para	  Public  'CODE'	


Procedures, parameters, and locals:

                N a m e                 Type     Value    Attr

CheckLineStatus  . . . . . . . .	P Near	 000006A0 _TEXT	Length= 00000064 Public STDCALL
  L_LineCheck  . . . . . . . . .	L Near	 000006BB _TEXT	
  IncorrectChar  . . . . . . . .	L Near	 000006DA _TEXT	
  ReturnBits . . . . . . . . . .	L Near	 000006DF _TEXT	
  L_ReturnBits . . . . . . . . .	L Near	 000006E1 _TEXT	
  LineIsIncorrect  . . . . . . .	L Near	 000006FE _TEXT	
  LineIsCorrect  . . . . . . . .	L Near	 000006FF _TEXT	
ClearDisplayLine . . . . . . . .	P Near	 000004E3 _TEXT	Length= 00000028 Public STDCALL
  spaceWrite . . . . . . . . . .	L Near	 000004EE _TEXT	
ClearLineStatus  . . . . . . . .	P Near	 00000680 _TEXT	Length= 00000020 Public STDCALL
  StatusClearing . . . . . . . .	L Near	 00000686 _TEXT	
CloseFile  . . . . . . . . . . .	P Near	 00000000 FLAT	Length= 00000000 External STDCALL
CloseHandle  . . . . . . . . . .	P Near	 00000000 FLAT	Length= 00000000 External STDCALL
CloseInputFile . . . . . . . . .	P Near	 000003C3 _TEXT	Length= 0000000D Public STDCALL
Clrscr . . . . . . . . . . . . .	P Near	 00000000 FLAT	Length= 00000000 External STDCALL
CorrectInput . . . . . . . . . .	P Near	 00000637 _TEXT	Length= 0000001D Public STDCALL
CreateFileA  . . . . . . . . . .	P Near	 00000000 FLAT	Length= 00000000 External STDCALL
CreateOutputFile . . . . . . . .	P Near	 00000000 FLAT	Length= 00000000 External STDCALL
Crlf . . . . . . . . . . . . . .	P Near	 00000000 FLAT	Length= 00000000 External STDCALL
Delay  . . . . . . . . . . . . .	P Near	 00000000 FLAT	Length= 00000000 External STDCALL
DumpMem  . . . . . . . . . . . .	P Near	 00000000 FLAT	Length= 00000000 External STDCALL
DumpRegs . . . . . . . . . . . .	P Near	 00000000 FLAT	Length= 00000000 External STDCALL
ExitProcess  . . . . . . . . . .	P Near	 00000000 FLAT	Length= 00000000 External STDCALL
FileTimeToDosDateTime  . . . . .	P Near	 00000000 FLAT	Length= 00000000 External STDCALL
FileTimeToSystemTime . . . . . .	P Near	 00000000 FLAT	Length= 00000000 External STDCALL
FlushConsoleInputBuffer  . . . .	P Near	 00000000 FLAT	Length= 00000000 External STDCALL
FormatMessageA . . . . . . . . .	P Near	 00000000 FLAT	Length= 00000000 External STDCALL
GetCommandLineA  . . . . . . . .	P Near	 00000000 FLAT	Length= 00000000 External STDCALL
GetCommandTail . . . . . . . . .	P Near	 00000000 FLAT	Length= 00000000 External STDCALL
GetConsoleCP . . . . . . . . . .	P Near	 00000000 FLAT	Length= 00000000 External STDCALL
GetConsoleCursorInfo . . . . . .	P Near	 00000000 FLAT	Length= 00000000 External STDCALL
GetConsoleMode . . . . . . . . .	P Near	 00000000 FLAT	Length= 00000000 External STDCALL
GetConsoleScreenBufferInfo . . .	P Near	 00000000 FLAT	Length= 00000000 External STDCALL
GetDateTime  . . . . . . . . . .	P Near	 00000000 FLAT	Length= 00000000 External STDCALL
GetFileTime  . . . . . . . . . .	P Near	 00000000 FLAT	Length= 00000000 External STDCALL
GetKeyState  . . . . . . . . . .	P Near	 00000000 FLAT	Length= 00000000 External STDCALL
GetLastError . . . . . . . . . .	P Near	 00000000 FLAT	Length= 00000000 External STDCALL
GetLocalTime . . . . . . . . . .	P Near	 00000000 FLAT	Length= 00000000 External STDCALL
GetMaxXY . . . . . . . . . . . .	P Near	 00000000 FLAT	Length= 00000000 External STDCALL
GetMseconds  . . . . . . . . . .	P Near	 00000000 FLAT	Length= 00000000 External STDCALL
GetNumberOfConsoleInputEvents  .	P Near	 00000000 FLAT	Length= 00000000 External STDCALL
GetProcessHeap . . . . . . . . .	P Near	 00000000 FLAT	Length= 00000000 External STDCALL
GetStdHandle . . . . . . . . . .	P Near	 00000000 FLAT	Length= 00000000 External STDCALL
GetSystemTime  . . . . . . . . .	P Near	 00000000 FLAT	Length= 00000000 External STDCALL
GetTextColor . . . . . . . . . .	P Near	 00000000 FLAT	Length= 00000000 External STDCALL
GetTickCount . . . . . . . . . .	P Near	 00000000 FLAT	Length= 00000000 External STDCALL
Gotoxy . . . . . . . . . . . . .	P Near	 00000000 FLAT	Length= 00000000 External STDCALL
HeapAlloc  . . . . . . . . . . .	P Near	 00000000 FLAT	Length= 00000000 External STDCALL
HeapCreate . . . . . . . . . . .	P Near	 00000000 FLAT	Length= 00000000 External STDCALL
HeapDestroy  . . . . . . . . . .	P Near	 00000000 FLAT	Length= 00000000 External STDCALL
HeapFree . . . . . . . . . . . .	P Near	 00000000 FLAT	Length= 00000000 External STDCALL
HeapSize . . . . . . . . . . . .	P Near	 00000000 FLAT	Length= 00000000 External STDCALL
IsDigit  . . . . . . . . . . . .	P Near	 00000000 FLAT	Length= 00000000 External STDCALL
LEADERBOARD  . . . . . . . . . .	P Near	 00000348 _TEXT	Length= 00000012 Public STDCALL
LocalFree  . . . . . . . . . . .	P Near	 00000000 FLAT	Length= 00000000 External STDCALL
MessageBoxA  . . . . . . . . . .	P Near	 00000000 FLAT	Length= 00000000 External STDCALL
MsgBoxAsk  . . . . . . . . . . .	P Near	 00000000 FLAT	Length= 00000000 External STDCALL
MsgBox . . . . . . . . . . . . .	P Near	 00000000 FLAT	Length= 00000000 External STDCALL
NewLine  . . . . . . . . . . . .	P Near	 000004CD _TEXT	Length= 00000016 Public STDCALL
NewPromptLine  . . . . . . . . .	P Near	 000003D0 _TEXT	Length= 0000006C Public STDCALL
  ReturnToOriginalPos  . . . . .	L Near	 00000428 _TEXT	
OpenInputFile  . . . . . . . . .	P Near	 00000000 FLAT	Length= 00000000 External STDCALL
PLAY_GAME  . . . . . . . . . . .	P Near	 000000BA _TEXT	Length= 0000028E Public STDCALL
  MainGameLoop . . . . . . . . .	L Near	 000001A5 _TEXT	
  TimerNotSet  . . . . . . . . .	L Near	 000001CE _TEXT	
  KeyRead  . . . . . . . . . . .	L Near	 0000020C _TEXT	
  CheckBackspace . . . . . . . .	L Near	 00000223 _TEXT	
  checkCharEqual . . . . . . . .	L Near	 0000024B _TEXT	
  CharNotEqual . . . . . . . . .	L Near	 00000270 _TEXT	
  LineEndCheck . . . . . . . . .	L Near	 0000027F _TEXT	
  ClearLine  . . . . . . . . . .	L Near	 000002AA _TEXT	
  finishCheck  . . . . . . . . .	L Near	 000002D9 _TEXT	
  LevelComplete  . . . . . . . .	L Near	 00000308 _TEXT	
  quit . . . . . . . . . . . . .	L Near	 00000332 _TEXT	
ParseDecimal32 . . . . . . . . .	P Near	 00000000 FLAT	Length= 00000000 External STDCALL
ParseInteger32 . . . . . . . . .	P Near	 00000000 FLAT	Length= 00000000 External STDCALL
PeekConsoleInputA  . . . . . . .	P Near	 00000000 FLAT	Length= 00000000 External STDCALL
Random32 . . . . . . . . . . . .	P Near	 00000000 FLAT	Length= 00000000 External STDCALL
RandomRange  . . . . . . . . . .	P Near	 00000000 FLAT	Length= 00000000 External STDCALL
Randomize  . . . . . . . . . . .	P Near	 00000000 FLAT	Length= 00000000 External STDCALL
ReadChar . . . . . . . . . . . .	P Near	 00000000 FLAT	Length= 00000000 External STDCALL
ReadConsoleA . . . . . . . . . .	P Near	 00000000 FLAT	Length= 00000000 External STDCALL
ReadConsoleInputA  . . . . . . .	P Near	 00000000 FLAT	Length= 00000000 External STDCALL
ReadDec  . . . . . . . . . . . .	P Near	 00000000 FLAT	Length= 00000000 External STDCALL
ReadFile . . . . . . . . . . . .	P Near	 00000000 FLAT	Length= 00000000 External STDCALL
ReadFloat  . . . . . . . . . . .	P Near	 00000000 FLAT	Length= 00000000 External STDCALL
ReadFromFile . . . . . . . . . .	P Near	 00000000 FLAT	Length= 00000000 External STDCALL
ReadHex  . . . . . . . . . . . .	P Near	 00000000 FLAT	Length= 00000000 External STDCALL
ReadInt  . . . . . . . . . . . .	P Near	 00000000 FLAT	Length= 00000000 External STDCALL
ReadKeyFlush . . . . . . . . . .	P Near	 00000000 FLAT	Length= 00000000 External STDCALL
ReadKey  . . . . . . . . . . . .	P Near	 00000000 FLAT	Length= 00000000 External STDCALL
ReadString . . . . . . . . . . .	P Near	 00000000 FLAT	Length= 00000000 External STDCALL
ReplacePreviousChar  . . . . . .	P Near	 0000050B _TEXT	Length= 00000033 Public STDCALL
ReprintPrompt  . . . . . . . . .	P Near	 0000043C _TEXT	Length= 00000033 Public STDCALL
  printLoop  . . . . . . . . . .	L Near	 00000445 _TEXT	
  writeChars . . . . . . . . . .	L Near	 00000454 _TEXT	
  continuePrintLoop  . . . . . .	L Near	 00000469 _TEXT	
  quit . . . . . . . . . . . . .	L Near	 0000046D _TEXT	
ResetGame  . . . . . . . . . . .	P Near	 000005AD _TEXT	Length= 0000008A Public STDCALL
  ResetColors  . . . . . . . . .	L Near	 00000603 _TEXT	
  ResetLineStatus  . . . . . . .	L Near	 0000061E _TEXT	
RevertLineStatus . . . . . . . .	P Near	 0000066A _TEXT	Length= 00000016 Public STDCALL
SetConsoleCursorInfo . . . . . .	P Near	 00000000 FLAT	Length= 00000000 External STDCALL
SetConsoleCursorPosition . . . .	P Near	 00000000 FLAT	Length= 00000000 External STDCALL
SetConsoleMode . . . . . . . . .	P Near	 00000000 FLAT	Length= 00000000 External STDCALL
SetConsoleScreenBufferSize . . .	P Near	 00000000 FLAT	Length= 00000000 External STDCALL
SetConsoleTextAttribute  . . . .	P Near	 00000000 FLAT	Length= 00000000 External STDCALL
SetConsoleTitleA . . . . . . . .	P Near	 00000000 FLAT	Length= 00000000 External STDCALL
SetConsoleWindowInfo . . . . . .	P Near	 00000000 FLAT	Length= 00000000 External STDCALL
SetFilePointer . . . . . . . . .	P Near	 00000000 FLAT	Length= 00000000 External STDCALL
SetLocalTime . . . . . . . . . .	P Near	 00000000 FLAT	Length= 00000000 External STDCALL
SetTextColor . . . . . . . . . .	P Near	 00000000 FLAT	Length= 00000000 External STDCALL
ShowFPUStack . . . . . . . . . .	P Near	 00000000 FLAT	Length= 00000000 External STDCALL
Sleep  . . . . . . . . . . . . .	P Near	 00000000 FLAT	Length= 00000000 External STDCALL
StrLength  . . . . . . . . . . .	P Near	 00000000 FLAT	Length= 00000000 External STDCALL
Str_compare  . . . . . . . . . .	P Near	 00000000 FLAT	Length= 00000000 External STDCALL
Str_copy . . . . . . . . . . . .	P Near	 00000000 FLAT	Length= 00000000 External STDCALL
Str_length . . . . . . . . . . .	P Near	 00000000 FLAT	Length= 00000000 External STDCALL
Str_trim . . . . . . . . . . . .	P Near	 00000000 FLAT	Length= 00000000 External STDCALL
Str_ucase  . . . . . . . . . . .	P Near	 00000000 FLAT	Length= 00000000 External STDCALL
SystemTimeToFileTime . . . . . .	P Near	 00000000 FLAT	Length= 00000000 External STDCALL
TimeFormat . . . . . . . . . . .	P Near	 00000704 _TEXT	Length= 00000049 Public STDCALL
  TwoDigitMin  . . . . . . . . .	L Near	 00000722 _TEXT	
  TwoDigitSec  . . . . . . . . .	L Near	 00000746 _TEXT	
UpdateCursorPos  . . . . . . . .	P Near	 000004AD _TEXT	Length= 00000020 Public STDCALL
UpdateScoreboard . . . . . . . .	P Near	 0000053E _TEXT	Length= 0000006F Public STDCALL
WaitMsg  . . . . . . . . . . . .	P Near	 00000000 FLAT	Length= 00000000 External STDCALL
WriteBinB  . . . . . . . . . . .	P Near	 00000000 FLAT	Length= 00000000 External STDCALL
WriteBin . . . . . . . . . . . .	P Near	 00000000 FLAT	Length= 00000000 External STDCALL
WriteChar  . . . . . . . . . . .	P Near	 00000000 FLAT	Length= 00000000 External STDCALL
WriteConsoleA  . . . . . . . . .	P Near	 00000000 FLAT	Length= 00000000 External STDCALL
WriteConsoleOutputAttribute  . .	P Near	 00000000 FLAT	Length= 00000000 External STDCALL
WriteConsoleOutputCharacterA . .	P Near	 00000000 FLAT	Length= 00000000 External STDCALL
WriteDec . . . . . . . . . . . .	P Near	 00000000 FLAT	Length= 00000000 External STDCALL
WriteFile  . . . . . . . . . . .	P Near	 00000000 FLAT	Length= 00000000 External STDCALL
WriteFloat . . . . . . . . . . .	P Near	 00000000 FLAT	Length= 00000000 External STDCALL
WriteFromColorArr  . . . . . . .	P Near	 0000046F _TEXT	Length= 0000001E Public STDCALL
WriteHexB  . . . . . . . . . . .	P Near	 00000000 FLAT	Length= 00000000 External STDCALL
WriteHex . . . . . . . . . . . .	P Near	 00000000 FLAT	Length= 00000000 External STDCALL
WriteInt . . . . . . . . . . . .	P Near	 00000000 FLAT	Length= 00000000 External STDCALL
WriteStackFrameName  . . . . . .	P Near	 00000000 FLAT	Length= 00000000 External STDCALL
WriteStackFrame  . . . . . . . .	P Near	 00000000 FLAT	Length= 00000000 External STDCALL
WriteString  . . . . . . . . . .	P Near	 00000000 FLAT	Length= 00000000 External STDCALL
WriteToColorArr  . . . . . . . .	P Near	 0000048D _TEXT	Length= 00000020 Public STDCALL
WriteToFile  . . . . . . . . . .	P Near	 00000000 FLAT	Length= 00000000 External STDCALL
WriteWindowsMsg  . . . . . . . .	P Near	 00000000 FLAT	Length= 00000000 External STDCALL
WrongInput . . . . . . . . . . .	P Near	 00000654 _TEXT	Length= 00000016 Public STDCALL
main . . . . . . . . . . . . . .	P Near	 00000000 _TEXT	Length= 000000BA Public STDCALL
  MainMenu . . . . . . . . . . .	L Near	 00000000 _TEXT	
  L1 . . . . . . . . . . . . . .	L Near	 0000008E _TEXT	
  L2 . . . . . . . . . . . . . .	L Near	 000000A4 _TEXT	
openFile . . . . . . . . . . . .	P Near	 0000035A _TEXT	Length= 00000069 Public STDCALL
  file_ok  . . . . . . . . . . .	L Near	 0000037C _TEXT	
  check_buffer_size  . . . . . .	L Near	 000003AA _TEXT	
  quit . . . . . . . . . . . . .	L Near	 000003C2 _TEXT	
printf . . . . . . . . . . . . .	P Near	 00000000 FLAT	Length= 00000000 External C
scanf  . . . . . . . . . . . . .	P Near	 00000000 FLAT	Length= 00000000 External C
wsprintfA  . . . . . . . . . . .	P Near	 00000000 FLAT	Length= 00000000 External C


Symbols:

                N a m e                 Type     Value    Attr

??0000 . . . . . . . . . . . . .	Byte	 0000000A _DATA	
??0001 . . . . . . . . . . . . .	Byte	 0000001F _DATA	
??0002 . . . . . . . . . . . . .	Byte	 0000002C _DATA	
??0003 . . . . . . . . . . . . .	Byte	 00000040 _DATA	
??0004 . . . . . . . . . . . . .	Byte	 00003B6F _DATA	
??0005 . . . . . . . . . . . . .	Byte	 00003B84 _DATA	
??0006 . . . . . . . . . . . . .	Byte	 00003B99 _DATA	
??0007 . . . . . . . . . . . . .	Byte	 00003BAE _DATA	
??0008 . . . . . . . . . . . . .	Byte	 00003BC3 _DATA	
??0009 . . . . . . . . . . . . .	Byte	 00003BD5 _DATA	
??000A . . . . . . . . . . . . .	Byte	 00003BE5 _DATA	
??000B . . . . . . . . . . . . .	Byte	 00003BF8 _DATA	
??000C . . . . . . . . . . . . .	Byte	 00003C0D _DATA	
??000D . . . . . . . . . . . . .	Byte	 00003C34 _DATA	
??000E . . . . . . . . . . . . .	Byte	 00003C36 _DATA	
??000F . . . . . . . . . . . . .	Byte	 00003C38 _DATA	
??0010 . . . . . . . . . . . . .	Byte	 00003C3A _DATA	
@CodeSize  . . . . . . . . . . .	Number	 00000000h   
@DataSize  . . . . . . . . . . .	Number	 00000000h   
@Interface . . . . . . . . . . .	Number	 00000003h   
@Model . . . . . . . . . . . . .	Number	 00000007h   
@code  . . . . . . . . . . . . .	Text   	 _TEXT
@data  . . . . . . . . . . . . .	Text   	 FLAT
@fardata?  . . . . . . . . . . .	Text   	 FLAT
@fardata . . . . . . . . . . . .	Text   	 FLAT
@stack . . . . . . . . . . . . .	Text   	 FLAT
ALT_MASK . . . . . . . . . . . .	Number	 00000003h   
BUFFER_SIZE  . . . . . . . . . .	Number	 00001388h   
CAPSLOCK_ON  . . . . . . . . . .	Number	 00000080h   
CREATE_ALWAYS  . . . . . . . . .	Number	 00000002h   
CREATE_NEW . . . . . . . . . . .	Number	 00000001h   
CTRL_MASK  . . . . . . . . . . .	Number	 0000000Ch   
CreateFile . . . . . . . . . . .	Text   	 CreateFileA
DO_NOT_SHARE . . . . . . . . . .	Number	 00000000h   
ENABLE_ECHO_INPUT  . . . . . . .	Number	 00000004h   
ENABLE_LINE_INPUT  . . . . . . .	Number	 00000002h   
ENABLE_MOUSE_INPUT . . . . . . .	Number	 00000010h   
ENABLE_PROCESSED_INPUT . . . . .	Number	 00000001h   
ENABLE_PROCESSED_OUTPUT  . . . .	Number	 00000001h   
ENABLE_WINDOW_INPUT  . . . . . .	Number	 00000008h   
ENABLE_WRAP_AT_EOL_OUTPUT  . . .	Number	 00000002h   
ENHANCED_KEY . . . . . . . . . .	Number	 00000100h   
EntrySize  . . . . . . . . . . .	Number	 00000005h   
FALSE  . . . . . . . . . . . . .	Number	 00000000h   
FILE_APPEND_DATA . . . . . . . .	Number	 00000004h   
FILE_ATTRIBUTE_ARCHIVE . . . . .	Number	 00000020h   
FILE_ATTRIBUTE_COMPRESSED  . . .	Number	 00000800h   
FILE_ATTRIBUTE_DEVICE  . . . . .	Number	 00000040h   
FILE_ATTRIBUTE_DIRECTORY . . . .	Number	 00000010h   
FILE_ATTRIBUTE_ENCRYPTED . . . .	Number	 00004000h   
FILE_ATTRIBUTE_HIDDEN  . . . . .	Number	 00000002h   
FILE_ATTRIBUTE_NORMAL  . . . . .	Number	 00000080h   
FILE_ATTRIBUTE_NOT_CONTENT_INDEXED .	Number	 00002000h   
FILE_ATTRIBUTE_OFFLINE . . . . .	Number	 00001000h   
FILE_ATTRIBUTE_READONLY  . . . .	Number	 00000001h   
FILE_ATTRIBUTE_REPARSE_POINT . .	Number	 00000400h   
FILE_ATTRIBUTE_SPARSE_FILE . . .	Number	 00000200h   
FILE_ATTRIBUTE_SYSTEM  . . . . .	Number	 00000004h   
FILE_ATTRIBUTE_TEMPORARY . . . .	Number	 00000100h   
FILE_BEGIN . . . . . . . . . . .	Number	 00000000h   
FILE_CURRENT . . . . . . . . . .	Number	 00000001h   
FILE_DELETE_CHILD  . . . . . . .	Number	 00000040h   
FILE_END . . . . . . . . . . . .	Number	 00000002h   
FILE_READ_DATA . . . . . . . . .	Number	 00000001h   
FILE_SHARE_DELETE  . . . . . . .	Number	 00000004h   
FILE_SHARE_READ  . . . . . . . .	Number	 00000001h   
FILE_SHARE_WRITE . . . . . . . .	Number	 00000002h   
FILE_UNREAD  . . . . . . . . . .	Number	 -00000001h   
FILE_WRITE_DATA  . . . . . . . .	Number	 00000002h   
FOCUS_EVENT  . . . . . . . . . .	Number	 00000010h   
FORMAT_MESSAGE_ALLOCATE_BUFFER .	Number	 00000100h   
FORMAT_MESSAGE_FROM_SYSTEM . . .	Number	 00001000h   
FormatMessage  . . . . . . . . .	Text   	 FormatMessageA
GENERIC_ALL  . . . . . . . . . .	Number	 10000000h   
GENERIC_EXECUTE  . . . . . . . .	Number	 20000000h   
GENERIC_READ . . . . . . . . . .	Number	 -80000000h   
GENERIC_WRITE  . . . . . . . . .	Number	 40000000h   
GetCommandLine . . . . . . . . .	Text   	 GetCommandLineA
HANDLE . . . . . . . . . . . . .	Text   	 DWORD
HEAP_GENERATE_EXCEPTIONS . . . .	Number	 00000004h   
HEAP_GROWABLE  . . . . . . . . .	Number	 00000002h   
HEAP_NO_SERIALIZE  . . . . . . .	Number	 00000001h   
HEAP_REALLOC_IN_PLACE_ONLY . . .	Number	 00000010h   
HEAP_ZERO_MEMORY . . . . . . . .	Number	 00000008h   
IDABORT  . . . . . . . . . . . .	Number	 00000003h   
IDCANCEL . . . . . . . . . . . .	Number	 00000002h   
IDCLOSE  . . . . . . . . . . . .	Number	 00000008h   
IDCONTINUE . . . . . . . . . . .	Number	 0000000Bh   
IDHELP . . . . . . . . . . . . .	Number	 00000009h   
IDIGNORE . . . . . . . . . . . .	Number	 00000005h   
IDNO . . . . . . . . . . . . . .	Number	 00000007h   
IDOK . . . . . . . . . . . . . .	Number	 00000001h   
IDRETRY  . . . . . . . . . . . .	Number	 00000004h   
IDTIMEOUT  . . . . . . . . . . .	Number	 00007D00h   
IDTRYAGAIN . . . . . . . . . . .	Number	 0000000Ah   
IDYES  . . . . . . . . . . . . .	Number	 00000006h   
INFO_COLUMN_X  . . . . . . . . .	Number	 00000050h   
INVALID_HANDLE_VALUE . . . . . .	Number	 -00000001h   
KBDOWN_FLAG  . . . . . . . . . .	Number	 00000001h   
KEY_EVENT  . . . . . . . . . . .	Number	 00000001h   
KEY_MASKS  . . . . . . . . . . .	Number	 0000001Fh   
LEFT_ALT_PRESSED . . . . . . . .	Number	 00000002h   
LEFT_CTRL_PRESSED  . . . . . . .	Number	 00000008h   
LINE_LENGTH  . . . . . . . . . .	Number	 00000040h   
LINE_SPACING . . . . . . . . . .	Number	 00000002h   
MAIN_MENU_X_OFFSET . . . . . . .	Number	 0000001Eh   
MAIN_MENU_Y_OFFSET . . . . . . .	Number	 00000008h   
MB_ABORTRETRYIGNORE  . . . . . .	Number	 00000002h   
MB_APPLMODAL . . . . . . . . . .	Number	 00000000h   
MB_CANCELTRYCONTINUE . . . . . .	Number	 00000006h   
MB_DEFBUTTON1  . . . . . . . . .	Number	 00000000h   
MB_DEFBUTTON2  . . . . . . . . .	Number	 00000100h   
MB_DEFBUTTON3  . . . . . . . . .	Number	 00000200h   
MB_DEFBUTTON4  . . . . . . . . .	Number	 00000300h   
MB_HELP  . . . . . . . . . . . .	Number	 00004000h   
MB_ICONASTERISK  . . . . . . . .	Number	 00000040h   
MB_ICONERROR . . . . . . . . . .	Number	 00000010h   
MB_ICONEXCLAMATION . . . . . . .	Number	 00000030h   
MB_ICONHAND  . . . . . . . . . .	Number	 00000010h   
MB_ICONINFORMATION . . . . . . .	Number	 00000040h   
MB_ICONQUESTION  . . . . . . . .	Number	 00000020h   
MB_ICONSTOP  . . . . . . . . . .	Number	 00000010h   
MB_ICONWARNING . . . . . . . . .	Number	 00000030h   
MB_OKCANCEL  . . . . . . . . . .	Number	 00000001h   
MB_OK  . . . . . . . . . . . . .	Number	 00000000h   
MB_RETRYCANCEL . . . . . . . . .	Number	 00000005h   
MB_SYSTEMMODAL . . . . . . . . .	Number	 00001000h   
MB_TASKMODAL . . . . . . . . . .	Number	 00002000h   
MB_USERICON  . . . . . . . . . .	Number	 00000080h   
MB_YESNOCANCEL . . . . . . . . .	Number	 00000003h   
MB_YESNO . . . . . . . . . . . .	Number	 00000004h   
MENU_EVENT . . . . . . . . . . .	Number	 00000008h   
MOUSE_EVENT  . . . . . . . . . .	Number	 00000002h   
MenuTable  . . . . . . . . . . .	Byte	 00000000 _DATA	
MessageBox . . . . . . . . . . .	Text   	 MessageBoxA
NULL . . . . . . . . . . . . . .	Number	 00000000h   
NUMLOCK_ON . . . . . . . . . . .	Number	 00000020h   
NumberOfEntries  . . . . . . . .	Number	 00000002h   
OPEN_ALWAYS  . . . . . . . . . .	Number	 00000004h   
OPEN_EXISTING  . . . . . . . . .	Number	 00000003h   
PLAY_AREA_X_OFFSET . . . . . . .	Number	 0000000Ah   
PLAY_AREA_Y_OFFSET . . . . . . .	Number	 00000002h   
PeekConsoleInput . . . . . . . .	Text   	 PeekConsoleInputA
RIGHT_ALT_PRESSED  . . . . . . .	Number	 00000001h   
RIGHT_CTRL_PRESSED . . . . . . .	Number	 00000004h   
ReadConsoleInput . . . . . . . .	Text   	 ReadConsoleInputA
ReadConsole  . . . . . . . . . .	Text   	 ReadConsoleA
SCOREBOARD_Y . . . . . . . . . .	Number	 00000006h   
SCORE_LABEL_LENGTH . . . . . . .	Number	 00000014h   
SCROLLLOCK_ON  . . . . . . . . .	Number	 00000040h   
SECOND_IN_TICKS  . . . . . . . .	Number	 00000014h   
SHIFT_MASK . . . . . . . . . . .	Number	 00000010h   
SHIFT_PRESSED  . . . . . . . . .	Number	 00000010h   
STARTING_DISTANCE  . . . . . . .	Number	 00000018h   
STARTING_PROGRESSION_SPEED . . .	Number	 0000003Ch   
STD_ERROR_HANDLE . . . . . . . .	Number	 -0000000Ch   
STD_INPUT_HANDLE . . . . . . . .	Number	 -0000000Ah   
STD_OUTPUT_HANDLE  . . . . . . .	Number	 -0000000Bh   
SetConsoleTitle  . . . . . . . .	Text   	 SetConsoleTitleA
TAB  . . . . . . . . . . . . . .	Number	 00000009h   
TICK . . . . . . . . . . . . . .	Number	 00000032h   
TRUE . . . . . . . . . . . . . .	Number	 00000001h   
TRUNCATE_EXISTING  . . . . . . .	Number	 00000005h   
VK_11  . . . . . . . . . . . . .	Number	 000000BDh   
VK_12  . . . . . . . . . . . . .	Number	 000000BBh   
VK_ADD . . . . . . . . . . . . .	Number	 0000006Bh   
VK_BACK  . . . . . . . . . . . .	Number	 00000008h   
VK_CANCEL  . . . . . . . . . . .	Number	 00000003h   
VK_CAPITAL . . . . . . . . . . .	Number	 00000014h   
VK_CLEAR . . . . . . . . . . . .	Number	 0000000Ch   
VK_CONTROL . . . . . . . . . . .	Number	 00000011h   
VK_DECIMAL . . . . . . . . . . .	Number	 0000006Eh   
VK_DELETE  . . . . . . . . . . .	Number	 0000002Eh   
VK_DIVIDE  . . . . . . . . . . .	Number	 0000006Fh   
VK_DOWN  . . . . . . . . . . . .	Number	 00000028h   
VK_END . . . . . . . . . . . . .	Number	 00000023h   
VK_ESCAPE  . . . . . . . . . . .	Number	 0000001Bh   
VK_EXECUTE . . . . . . . . . . .	Number	 0000002Bh   
VK_F10 . . . . . . . . . . . . .	Number	 00000079h   
VK_F11 . . . . . . . . . . . . .	Number	 0000007Ah   
VK_F12 . . . . . . . . . . . . .	Number	 0000007Bh   
VK_F13 . . . . . . . . . . . . .	Number	 0000007Ch   
VK_F14 . . . . . . . . . . . . .	Number	 0000007Dh   
VK_F15 . . . . . . . . . . . . .	Number	 0000007Eh   
VK_F16 . . . . . . . . . . . . .	Number	 0000007Fh   
VK_F17 . . . . . . . . . . . . .	Number	 00000080h   
VK_F18 . . . . . . . . . . . . .	Number	 00000081h   
VK_F19 . . . . . . . . . . . . .	Number	 00000082h   
VK_F1  . . . . . . . . . . . . .	Number	 00000070h   
VK_F20 . . . . . . . . . . . . .	Number	 00000083h   
VK_F21 . . . . . . . . . . . . .	Number	 00000084h   
VK_F22 . . . . . . . . . . . . .	Number	 00000085h   
VK_F23 . . . . . . . . . . . . .	Number	 00000086h   
VK_F24 . . . . . . . . . . . . .	Number	 00000087h   
VK_F2  . . . . . . . . . . . . .	Number	 00000071h   
VK_F3  . . . . . . . . . . . . .	Number	 00000072h   
VK_F4  . . . . . . . . . . . . .	Number	 00000073h   
VK_F5  . . . . . . . . . . . . .	Number	 00000074h   
VK_F6  . . . . . . . . . . . . .	Number	 00000075h   
VK_F7  . . . . . . . . . . . . .	Number	 00000076h   
VK_F8  . . . . . . . . . . . . .	Number	 00000077h   
VK_F9  . . . . . . . . . . . . .	Number	 00000078h   
VK_HELP  . . . . . . . . . . . .	Number	 0000002Fh   
VK_HOME  . . . . . . . . . . . .	Number	 00000024h   
VK_INSERT  . . . . . . . . . . .	Number	 0000002Dh   
VK_LBUTTON . . . . . . . . . . .	Number	 00000001h   
VK_LCONTROL  . . . . . . . . . .	Number	 000000A2h   
VK_LEFT  . . . . . . . . . . . .	Number	 00000025h   
VK_LMENU . . . . . . . . . . . .	Number	 000000A4h   
VK_LSHIFT  . . . . . . . . . . .	Number	 000000A0h   
VK_MENU  . . . . . . . . . . . .	Number	 00000012h   
VK_MULTIPLY  . . . . . . . . . .	Number	 0000006Ah   
VK_NEXT  . . . . . . . . . . . .	Number	 00000022h   
VK_NUMLOCK . . . . . . . . . . .	Number	 00000090h   
VK_NUMPAD0 . . . . . . . . . . .	Number	 00000060h   
VK_NUMPAD1 . . . . . . . . . . .	Number	 00000061h   
VK_NUMPAD2 . . . . . . . . . . .	Number	 00000062h   
VK_NUMPAD3 . . . . . . . . . . .	Number	 00000063h   
VK_NUMPAD4 . . . . . . . . . . .	Number	 00000064h   
VK_NUMPAD5 . . . . . . . . . . .	Number	 00000065h   
VK_NUMPAD6 . . . . . . . . . . .	Number	 00000066h   
VK_NUMPAD7 . . . . . . . . . . .	Number	 00000067h   
VK_NUMPAD8 . . . . . . . . . . .	Number	 00000068h   
VK_NUMPAD9 . . . . . . . . . . .	Number	 00000069h   
VK_PAUSE . . . . . . . . . . . .	Number	 00000013h   
VK_PRINT . . . . . . . . . . . .	Number	 0000002Ah   
VK_PRIOR . . . . . . . . . . . .	Number	 00000021h   
VK_RBUTTON . . . . . . . . . . .	Number	 00000002h   
VK_RCONTROL  . . . . . . . . . .	Number	 000000A3h   
VK_RETURN  . . . . . . . . . . .	Number	 0000000Dh   
VK_RIGHT . . . . . . . . . . . .	Number	 00000027h   
VK_RMENU . . . . . . . . . . . .	Number	 000000A5h   
VK_RSHIFT  . . . . . . . . . . .	Number	 000000A1h   
VK_SCROLL  . . . . . . . . . . .	Number	 00000091h   
VK_SEPARATER . . . . . . . . . .	Number	 0000006Ch   
VK_SHIFT . . . . . . . . . . . .	Number	 00000010h   
VK_SNAPSHOT  . . . . . . . . . .	Number	 0000002Ch   
VK_SPACE . . . . . . . . . . . .	Number	 00000020h   
VK_SUBTRACT  . . . . . . . . . .	Number	 0000006Dh   
VK_TAB . . . . . . . . . . . . .	Number	 00000009h   
VK_UP  . . . . . . . . . . . . .	Number	 00000026h   
WINDOW_BUFFER_SIZE_EVENT . . . .	Number	 00000004h   
WriteConsoleOutputCharacter  . .	Text   	 WriteConsoleOutputCharacterA
WriteConsole . . . . . . . . . .	Text   	 WriteConsoleA
backspacesPressed  . . . . . . .	DWord	 00003B67 _DATA	
black  . . . . . . . . . . . . .	Number	 00000000h   
blue . . . . . . . . . . . . . .	Number	 00000001h   
brown  . . . . . . . . . . . . .	Number	 00000006h   
charIdx  . . . . . . . . . . . .	DWord	 0000143A _DATA	
charsTyped . . . . . . . . . . .	DWord	 00003B63 _DATA	
cursorX  . . . . . . . . . . . .	Byte	 00003B56 _DATA	
cursorY  . . . . . . . . . . . .	Byte	 00003B57 _DATA	
cyan . . . . . . . . . . . . . .	Number	 00000003h   
distanceFromTop  . . . . . . . .	Byte	 00003B58 _DATA	
divider  . . . . . . . . . . . .	Byte	 00000045 _DATA	
endingMsg  . . . . . . . . . . .	Byte	 00000086 _DATA	
exit . . . . . . . . . . . . . .	Text   	 INVOKE ExitProcess,0
fileHandle . . . . . . . . . . .	DWord	 00001432 _DATA	
filename . . . . . . . . . . . .	Byte	 00001429 _DATA	
gray . . . . . . . . . . . . . .	Number	 00000008h   
green  . . . . . . . . . . . . .	Number	 00000002h   
lightBlue  . . . . . . . . . . .	Number	 00000009h   
lightCyan  . . . . . . . . . . .	Number	 0000000Bh   
lightGray  . . . . . . . . . . .	Number	 00000007h   
lightGreen . . . . . . . . . . .	Number	 0000000Ah   
lightMagenta . . . . . . . . . .	Number	 0000000Dh   
lightRed . . . . . . . . . . . .	Number	 0000000Ch   
linePrintCharIdx . . . . . . . .	DWord	 00003B5A _DATA	
linePrintTicksElapsed  . . . . .	Byte	 00003B59 _DATA	
lineProgressSpeed  . . . . . . .	Byte	 00003B5E _DATA	
lineStatus . . . . . . . . . . .	DWord	 00003B4E _DATA	
magenta  . . . . . . . . . . . .	Number	 00000005h   
red  . . . . . . . . . . . . . .	Number	 00000004h   
secondsPlayed  . . . . . . . . .	DWord	 00003B6B _DATA	
textColors . . . . . . . . . . .	Word	 0000143E _DATA	
timerTicks . . . . . . . . . . .	DWord	 00003B5F _DATA	
typingPromptLeftBound  . . . . .	DWord	 00001436 _DATA	
typingPromptSize . . . . . . . .	DWord	 00001425 _DATA	
typingPrompt . . . . . . . . . .	Byte	 0000009D _DATA	
white  . . . . . . . . . . . . .	Number	 0000000Fh   
wsprintf . . . . . . . . . . . .	Text   	 wsprintfA
yellow . . . . . . . . . . . . .	Number	 0000000Eh   

	   1 Warnings
	   0 Errors
